[2026-05-11 09:22:46] 
============================================================
[2026-05-11 09:22:46] 開始更新 3747 個股票的日文名稱...
[2026-05-11 09:22:46] 預計花費時間: ~125 分鐘
[2026-05-11 09:22:46] ============================================================

[2026-05-11 09:23:24] 💾 進度保存: 20/3747 (0.5%) | 速度: 0.52 支/秒 | 剩餘: 119.4 分鐘
[2026-05-11 09:24:04] 💾 進度保存: 40/3747 (1.1%) | 速度: 0.51 支/秒 | 剩餘: 121.1 分鐘
[2026-05-11 09:24:44] 💾 進度保存: 60/3747 (1.6%) | 速度: 0.51 支/秒 | 剩餘: 121.3 分鐘
[2026-05-11 09:26:01] 
============================================================
[2026-05-11 09:26:01] 開始更新 3747 個股票的日文名稱...
[2026-05-11 09:26:01] 預計花費時間: ~125 分鐘
[2026-05-11 09:26:01] ============================================================

[2026-05-11 09:28:11] 
======================================================================
[2026-05-11 09:28:11] Start updating 3747 stocks from Kabutan...
[2026-05-11 09:28:11] Estimated time: ~125 minutes
[2026-05-11 09:28:11] ======================================================================

[2026-05-11 09:28:49]   [SAVED] 20/3747 records saved to file
[2026-05-11 09:29:29]   [SAVED] 40/3747 records saved to file
[2026-05-11 09:30:09]   [SAVED] 60/3747 records saved to file
[2026-05-11 09:30:49]   [SAVED] 80/3747 records saved to file
[2026-05-11 09:31:29]   [SAVED] 100/3747 records saved to file
[2026-05-11 09:32:09]   [SAVED] 120/3747 records saved to file
[2026-05-11 09:32:49]   [SAVED] 140/3747 records saved to file
[2026-05-11 09:33:37] 
======================================================================
[2026-05-11 09:33:37] Start updating 552 English stocks from Kabutan...
[2026-05-11 09:33:37] Estimated time: ~18 minutes
[2026-05-11 09:33:37] ======================================================================

[2026-05-11 09:33:50] [   1/552] Code: 7081 UPDATED | Progress:   0.2% | Remaining:  18.4min
[2026-05-11 09:33:52] [   2/552] Code: 7087 UPDATED | Progress:   0.4% | Remaining:  18.3min
[2026-05-11 09:33:54] [   3/552] Code: 7111 UPDATED | Progress:   0.5% | Remaining:  18.3min
[2026-05-11 09:33:56] [   4/552] Code: 7115 UPDATED | Progress:   0.7% | Remaining:  18.3min
[2026-05-11 09:33:58] [   5/552] Code: 7120 UPDATED | Progress:   0.9% | Remaining:  18.2min
[2026-05-11 09:34:00] [   6/552] Code: 7122 UPDATED | Progress:   1.1% | Remaining:  18.2min
[2026-05-11 09:34:02] [   7/552] Code: 7126 UPDATED | Progress:   1.3% | Remaining:  18.2min
[2026-05-11 09:34:04] [   8/552] Code: 7127 UPDATED | Progress:   1.4% | Remaining:  18.1min
[2026-05-11 09:34:06] [   9/552] Code: 7129 UPDATED | Progress:   1.6% | Remaining:  18.1min
[2026-05-11 09:34:08] [  10/552] Code: 7131 UPDATED | Progress:   1.8% | Remaining:  18.1min
[2026-05-11 09:34:10] [  11/552] Code: 7134 UPDATED | Progress:   2.0% | Remaining:  18.0min
[2026-05-11 09:34:12] [  12/552] Code: 7135 UPDATED | Progress:   2.2% | Remaining:  18.0min
[2026-05-11 09:34:14] [  13/552] Code: 7150 UPDATED | Progress:   2.4% | Remaining:  18.0min
[2026-05-11 09:34:16] [  14/552] Code: 7161 UPDATED | Progress:   2.5% | Remaining:  17.9min
[2026-05-11 09:34:18] [  15/552] Code: 7162 UPDATED | Progress:   2.7% | Remaining:  17.9min
[2026-05-11 09:34:20] [  16/552] Code: 7175 UPDATED | Progress:   2.9% | Remaining:  17.9min
[2026-05-11 09:34:22] [  17/552] Code: 7177 UPDATED | Progress:   3.1% | Remaining:  17.8min
[2026-05-11 09:34:24] [  18/552] Code: 7183 UPDATED | Progress:   3.3% | Remaining:  17.8min
[2026-05-11 09:34:26] [  19/552] Code: 7185 UPDATED | Progress:   3.4% | Remaining:  17.8min
[2026-05-11 09:34:28] [  20/552] Code: 7191 UPDATED | Progress:   3.6% | Remaining:  17.7min
[2026-05-11 09:34:28]   [SAVED] 20/552 records saved to file
[2026-05-11 09:34:30] [  21/552] Code: 7192 UPDATED | Progress:   3.8% | Remaining:  17.7min
[2026-05-11 09:34:32] [  22/552] Code: 7196 UPDATED | Progress:   4.0% | Remaining:  17.7min
[2026-05-11 09:34:34] [  23/552] Code: 7208 UPDATED | Progress:   4.2% | Remaining:  17.6min
[2026-05-11 09:34:36] [  24/552] Code: 7212 UPDATED | Progress:   4.3% | Remaining:  17.6min
[2026-05-11 09:34:38] [  25/552] Code: 7213 UPDATED | Progress:   4.5% | Remaining:  17.6min
[2026-05-11 09:34:40] [  26/552] Code: 7214 UPDATED | Progress:   4.7% | Remaining:  17.5min
[2026-05-11 09:34:42] [  27/552] Code: 7215 UPDATED | Progress:   4.9% | Remaining:  17.5min
[2026-05-11 09:34:44] [  28/552] Code: 7217 UPDATED | Progress:   5.1% | Remaining:  17.5min
[2026-05-11 09:34:46] [  29/552] Code: 7218 UPDATED | Progress:   5.3% | Remaining:  17.4min
[2026-05-11 09:34:48] [  30/552] Code: 7219 UPDATED | Progress:   5.4% | Remaining:  17.4min
[2026-05-11 09:34:50] [  31/552] Code: 7222 UPDATED | Progress:   5.6% | Remaining:  17.4min
[2026-05-11 09:34:52] [  32/552] Code: 7228 UPDATED | Progress:   5.8% | Remaining:  17.3min
[2026-05-11 09:34:54] [  33/552] Code: 7229 UPDATED | Progress:   6.0% | Remaining:  17.3min
[2026-05-11 09:34:56] [  34/552] Code: 7235 UPDATED | Progress:   6.2% | Remaining:  17.3min
[2026-05-11 09:34:58] [  35/552] Code: 7247 UPDATED | Progress:   6.3% | Remaining:  17.2min
[2026-05-11 09:35:00] [  36/552] Code: 7254 UPDATED | Progress:   6.5% | Remaining:  17.2min
[2026-05-11 09:35:02] [  37/552] Code: 7255 UPDATED | Progress:   6.7% | Remaining:  17.2min
[2026-05-11 09:35:04] [  38/552] Code: 7256 UPDATED | Progress:   6.9% | Remaining:  17.1min
[2026-05-11 09:35:06] [  39/552] Code: 7264 UPDATED | Progress:   7.1% | Remaining:  17.1min
[2026-05-11 09:35:08] [  40/552] Code: 7265 UPDATED | Progress:   7.2% | Remaining:  17.1min
[2026-05-11 09:35:08]   [SAVED] 40/552 records saved to file
[2026-05-11 09:35:10] [  41/552] Code: 7266 UPDATED | Progress:   7.4% | Remaining:  17.0min
[2026-05-11 09:35:12] [  42/552] Code: 7271 UPDATED | Progress:   7.6% | Remaining:  17.0min
[2026-05-11 09:35:14] [  43/552] Code: 7273 UPDATED | Progress:   7.8% | Remaining:  17.0min
[2026-05-11 09:35:16] [  44/552] Code: 7277 UPDATED | Progress:   8.0% | Remaining:  16.9min
[2026-05-11 09:35:18] [  45/552] Code: 7279 UPDATED | Progress:   8.2% | Remaining:  16.9min
[2026-05-11 09:35:20] [  46/552] Code: 7284 UPDATED | Progress:   8.3% | Remaining:  16.9min
[2026-05-11 09:35:22] [  47/552] Code: 7287 UPDATED | Progress:   8.5% | Remaining:  16.8min
[2026-05-11 09:35:24] [  48/552] Code: 7291 UPDATED | Progress:   8.7% | Remaining:  16.8min
[2026-05-11 09:35:26] [  49/552] Code: 7292 UPDATED | Progress:   8.9% | Remaining:  16.8min
[2026-05-11 09:35:28] [  50/552] Code: 7297 UPDATED | Progress:   9.1% | Remaining:  16.7min
[2026-05-11 09:35:30] [  51/552] Code: 7299 UPDATED | Progress:   9.2% | Remaining:  16.7min
[2026-05-11 09:35:32] [  52/552] Code: 7305 UPDATED | Progress:   9.4% | Remaining:  16.7min
[2026-05-11 09:35:34] [  53/552] Code: 7314 UPDATED | Progress:   9.6% | Remaining:  16.6min
[2026-05-11 09:35:36] [  54/552] Code: 7354 UPDATED | Progress:   9.8% | Remaining:  16.6min
[2026-05-11 09:35:38] [  55/552] Code: 7357 UPDATED | Progress:  10.0% | Remaining:  16.6min
[2026-05-11 09:35:40] [  56/552] Code: 7358 UPDATED | Progress:  10.1% | Remaining:  16.5min
[2026-05-11 09:35:42] [  57/552] Code: 7367 UPDATED | Progress:  10.3% | Remaining:  16.5min
[2026-05-11 09:35:44] [  58/552] Code: 7368 UPDATED | Progress:  10.5% | Remaining:  16.5min
[2026-05-11 09:35:46] [  59/552] Code: 7377 UPDATED | Progress:  10.7% | Remaining:  16.4min
[2026-05-11 09:35:48] [  60/552] Code: 7399 UPDATED | Progress:  10.9% | Remaining:  16.4min
[2026-05-11 09:35:48]   [SAVED] 60/552 records saved to file
[2026-05-11 09:35:50] [  61/552] Code: 7412 UPDATED | Progress:  11.1% | Remaining:  16.4min
[2026-05-11 09:35:52] [  62/552] Code: 7413 UPDATED | Progress:  11.2% | Remaining:  16.3min
[2026-05-11 09:35:54] [  63/552] Code: 7416 UPDATED | Progress:  11.4% | Remaining:  16.3min
[2026-05-11 09:35:56] [  64/552] Code: 7417 UPDATED | Progress:  11.6% | Remaining:  16.3min
[2026-05-11 09:35:58] [  65/552] Code: 7422 UPDATED | Progress:  11.8% | Remaining:  16.2min
[2026-05-11 09:36:00] [  66/552] Code: 7425 UPDATED | Progress:  12.0% | Remaining:  16.2min
[2026-05-11 09:36:02] [  67/552] Code: 7426 UPDATED | Progress:  12.1% | Remaining:  16.2min
[2026-05-11 09:36:04] [  68/552] Code: 7427 UPDATED | Progress:  12.3% | Remaining:  16.1min
[2026-05-11 09:36:06] [  69/552] Code: 7434 UPDATED | Progress:  12.5% | Remaining:  16.1min
[2026-05-11 09:36:08] [  70/552] Code: 7435 UPDATED | Progress:  12.7% | Remaining:  16.1min
[2026-05-11 09:36:10] [  71/552] Code: 7442 UPDATED | Progress:  12.9% | Remaining:  16.0min
[2026-05-11 09:36:12] [  72/552] Code: 7443 UPDATED | Progress:  13.0% | Remaining:  16.0min
[2026-05-11 09:36:14] [  73/552] Code: 7444 UPDATED | Progress:  13.2% | Remaining:  16.0min
[2026-05-11 09:36:16] [  74/552] Code: 7446 UPDATED | Progress:  13.4% | Remaining:  15.9min
[2026-05-11 09:36:18] [  75/552] Code: 7460 UPDATED | Progress:  13.6% | Remaining:  15.9min
[2026-05-11 09:36:20] [  76/552] Code: 7461 UPDATED | Progress:  13.8% | Remaining:  15.9min
[2026-05-11 09:36:22] [  77/552] Code: 7462 UPDATED | Progress:  13.9% | Remaining:  15.8min
[2026-05-11 09:36:24] [  78/552] Code: 7463 UPDATED | Progress:  14.1% | Remaining:  15.8min
[2026-05-11 09:36:26] [  79/552] Code: 7464 UPDATED | Progress:  14.3% | Remaining:  15.8min
[2026-05-11 09:36:28] [  80/552] Code: 7472 UPDATED | Progress:  14.5% | Remaining:  15.7min
[2026-05-11 09:36:28]   [SAVED] 80/552 records saved to file
[2026-05-11 09:36:30] [  81/552] Code: 7477 UPDATED | Progress:  14.7% | Remaining:  15.7min
[2026-05-11 09:36:32] [  82/552] Code: 7480 UPDATED | Progress:  14.9% | Remaining:  15.7min
[2026-05-11 09:36:34] [  83/552] Code: 7481 UPDATED | Progress:  15.0% | Remaining:  15.6min
[2026-05-11 09:36:36] [  84/552] Code: 7486 UPDATED | Progress:  15.2% | Remaining:  15.6min
[2026-05-11 09:36:38] [  85/552] Code: 7487 UPDATED | Progress:  15.4% | Remaining:  15.6min
[2026-05-11 09:36:40] [  86/552] Code: 7490 UPDATED | Progress:  15.6% | Remaining:  15.5min
[2026-05-11 09:36:42] [  87/552] Code: 7494 UPDATED | Progress:  15.8% | Remaining:  15.5min
[2026-05-11 09:36:44] [  88/552] Code: 7500 UPDATED | Progress:  15.9% | Remaining:  15.5min
[2026-05-11 09:36:46] [  89/552] Code: 7501 UPDATED | Progress:  16.1% | Remaining:  15.4min
[2026-05-11 09:36:48] [  90/552] Code: 7502 UPDATED | Progress:  16.3% | Remaining:  15.4min
[2026-05-11 09:36:50] [  91/552] Code: 7505 UPDATED | Progress:  16.5% | Remaining:  15.4min
[2026-05-11 09:36:52] [  92/552] Code: 7506 UPDATED | Progress:  16.7% | Remaining:  15.3min
[2026-05-11 09:36:54] [  93/552] Code: 7509 UPDATED | Progress:  16.8% | Remaining:  15.3min
[2026-05-11 09:36:56] [  94/552] Code: 7512 UPDATED | Progress:  17.0% | Remaining:  15.3min
[2026-05-11 09:36:58] [  95/552] Code: 7514 UPDATED | Progress:  17.2% | Remaining:  15.2min
[2026-05-11 09:37:00] [  96/552] Code: 7515 UPDATED | Progress:  17.4% | Remaining:  15.2min
[2026-05-11 09:37:02] [  97/552] Code: 7521 UPDATED | Progress:  17.6% | Remaining:  15.2min
[2026-05-11 09:37:04] [  98/552] Code: 7523 UPDATED | Progress:  17.8% | Remaining:  15.1min
[2026-05-11 09:37:06] [  99/552] Code: 7524 UPDATED | Progress:  17.9% | Remaining:  15.1min
[2026-05-11 09:37:08] [ 100/552] Code: 7527 UPDATED | Progress:  18.1% | Remaining:  15.1min
[2026-05-11 09:37:08]   [SAVED] 100/552 records saved to file
[2026-05-11 09:37:10] [ 101/552] Code: 7531 UPDATED | Progress:  18.3% | Remaining:  15.0min
[2026-05-11 09:37:12] [ 102/552] Code: 7538 UPDATED | Progress:  18.5% | Remaining:  15.0min
[2026-05-11 09:37:14] [ 103/552] Code: 7539 UPDATED | Progress:  18.7% | Remaining:  15.0min
[2026-05-11 09:37:16] [ 104/552] Code: 7544 UPDATED | Progress:  18.8% | Remaining:  14.9min
[2026-05-11 09:37:18] [ 105/552] Code: 7551 UPDATED | Progress:  19.0% | Remaining:  14.9min
[2026-05-11 09:37:20] [ 106/552] Code: 7555 UPDATED | Progress:  19.2% | Remaining:  14.9min
[2026-05-11 09:37:22] [ 107/552] Code: 7561 UPDATED | Progress:  19.4% | Remaining:  14.8min
[2026-05-11 09:37:24] [ 108/552] Code: 7562 UPDATED | Progress:  19.6% | Remaining:  14.8min
[2026-05-11 09:37:26] [ 109/552] Code: 7564 UPDATED | Progress:  19.7% | Remaining:  14.8min
[2026-05-11 09:37:28] [ 110/552] Code: 7565 UPDATED | Progress:  19.9% | Remaining:  14.7min
[2026-05-11 09:37:30] [ 111/552] Code: 7567 UPDATED | Progress:  20.1% | Remaining:  14.7min
[2026-05-11 09:37:32] [ 112/552] Code: 7570 UPDATED | Progress:  20.3% | Remaining:  14.7min
[2026-05-11 09:37:34] [ 113/552] Code: 7571 UPDATED | Progress:  20.5% | Remaining:  14.6min
[2026-05-11 09:37:36] [ 114/552] Code: 7578 UPDATED | Progress:  20.7% | Remaining:  14.6min
[2026-05-11 09:37:38] [ 115/552] Code: 7585 UPDATED | Progress:  20.8% | Remaining:  14.6min
[2026-05-11 09:37:40] [ 116/552] Code: 7590 UPDATED | Progress:  21.0% | Remaining:  14.5min
[2026-05-11 09:37:42] [ 117/552] Code: 7601 UPDATED | Progress:  21.2% | Remaining:  14.5min
[2026-05-11 09:37:44] [ 118/552] Code: 7602 UPDATED | Progress:  21.4% | Remaining:  14.5min
[2026-05-11 09:37:46] [ 119/552] Code: 7603 UPDATED | Progress:  21.6% | Remaining:  14.4min
[2026-05-11 09:37:48] [ 120/552] Code: 7604 UPDATED | Progress:  21.7% | Remaining:  14.4min
[2026-05-11 09:37:48]   [SAVED] 120/552 records saved to file
[2026-05-11 09:37:50] [ 121/552] Code: 7608 UPDATED | Progress:  21.9% | Remaining:  14.4min
[2026-05-11 09:37:52] [ 122/552] Code: 7610 UPDATED | Progress:  22.1% | Remaining:  14.3min
[2026-05-11 09:37:54] [ 123/552] Code: 7614 UPDATED | Progress:  22.3% | Remaining:  14.3min
[2026-05-11 09:37:56] [ 124/552] Code: 7615 UPDATED | Progress:  22.5% | Remaining:  14.3min
[2026-05-11 09:37:58] [ 125/552] Code: 7619 UPDATED | Progress:  22.6% | Remaining:  14.2min
[2026-05-11 09:38:00] [ 126/552] Code: 7621 UPDATED | Progress:  22.8% | Remaining:  14.2min
[2026-05-11 09:38:02] [ 127/552] Code: 7624 UPDATED | Progress:  23.0% | Remaining:  14.2min
[2026-05-11 09:38:04] [ 128/552] Code: 7625 UPDATED | Progress:  23.2% | Remaining:  14.1min
[2026-05-11 09:38:06] [ 129/552] Code: 7634 UPDATED | Progress:  23.4% | Remaining:  14.1min
[2026-05-11 09:38:08] [ 130/552] Code: 7636 UPDATED | Progress:  23.6% | Remaining:  14.1min
[2026-05-11 09:38:10] [ 131/552] Code: 7638 UPDATED | Progress:  23.7% | Remaining:  14.0min
[2026-05-11 09:38:12] [ 132/552] Code: 7640 UPDATED | Progress:  23.9% | Remaining:  14.0min
[2026-05-11 09:38:14] [ 133/552] Code: 7643 UPDATED | Progress:  24.1% | Remaining:  14.0min
[2026-05-11 09:38:16] [ 134/552] Code: 7646 UPDATED | Progress:  24.3% | Remaining:  13.9min
[2026-05-11 09:38:18] [ 135/552] Code: 7670 UPDATED | Progress:  24.5% | Remaining:  13.9min
[2026-05-11 09:38:20] [ 136/552] Code: 7673 UPDATED | Progress:  24.6% | Remaining:  13.9min
[2026-05-11 09:38:22] [ 137/552] Code: 7677 UPDATED | Progress:  24.8% | Remaining:  13.8min
[2026-05-11 09:38:24] [ 138/552] Code: 7678 UPDATED | Progress:  25.0% | Remaining:  13.8min
[2026-05-11 09:38:26] [ 139/552] Code: 7681 UPDATED | Progress:  25.2% | Remaining:  13.8min
[2026-05-11 09:38:28] [ 140/552] Code: 7682 UPDATED | Progress:  25.4% | Remaining:  13.7min
[2026-05-11 09:38:28]   [SAVED] 140/552 records saved to file
[2026-05-11 09:38:30] [ 141/552] Code: 7686 UPDATED | Progress:  25.5% | Remaining:  13.7min
[2026-05-11 09:38:32] [ 142/552] Code: 7692 UPDATED | Progress:  25.7% | Remaining:  13.7min
[2026-05-11 09:38:34] [ 143/552] Code: 7698 UPDATED | Progress:  25.9% | Remaining:  13.6min
[2026-05-11 09:38:36] [ 144/552] Code: 7702 UPDATED | Progress:  26.1% | Remaining:  13.6min
[2026-05-11 09:38:38] [ 145/552] Code: 7709 UPDATED | Progress:  26.3% | Remaining:  13.6min
[2026-05-11 09:38:40] [ 146/552] Code: 7711 UPDATED | Progress:  26.4% | Remaining:  13.5min
[2026-05-11 09:38:42] [ 147/552] Code: 7713 UPDATED | Progress:  26.6% | Remaining:  13.5min
[2026-05-11 09:38:44] [ 148/552] Code: 7716 UPDATED | Progress:  26.8% | Remaining:  13.5min
[2026-05-11 09:38:46] [ 149/552] Code: 7719 UPDATED | Progress:  27.0% | Remaining:  13.4min
[2026-05-11 09:38:48] [ 150/552] Code: 7722 UPDATED | Progress:  27.2% | Remaining:  13.4min
[2026-05-11 09:38:50] [ 151/552] Code: 7726 UPDATED | Progress:  27.4% | Remaining:  13.4min
[2026-05-11 09:38:52] [ 152/552] Code: 7727 UPDATED | Progress:  27.5% | Remaining:  13.3min
[2026-05-11 09:38:54] [ 153/552] Code: 7743 UPDATED | Progress:  27.7% | Remaining:  13.3min
[2026-05-11 09:38:56] [ 154/552] Code: 7746 UPDATED | Progress:  27.9% | Remaining:  13.3min
[2026-05-11 09:38:58] [ 155/552] Code: 7749 UPDATED | Progress:  28.1% | Remaining:  13.2min
[2026-05-11 09:39:00] [ 156/552] Code: 7760 UPDATED | Progress:  28.3% | Remaining:  13.2min
[2026-05-11 09:39:02] [ 157/552] Code: 7771 UPDATED | Progress:  28.4% | Remaining:  13.2min
[2026-05-11 09:39:04] [ 158/552] Code: 7775 UPDATED | Progress:  28.6% | Remaining:  13.1min
[2026-05-11 09:39:06] [ 159/552] Code: 7781 UPDATED | Progress:  28.8% | Remaining:  13.1min
[2026-05-11 09:39:08] [ 160/552] Code: 7782 UPDATED | Progress:  29.0% | Remaining:  13.1min
[2026-05-11 09:39:08]   [SAVED] 160/552 records saved to file
[2026-05-11 09:39:10] [ 161/552] Code: 7791 UPDATED | Progress:  29.2% | Remaining:  13.0min
[2026-05-11 09:39:12] [ 162/552] Code: 7795 UPDATED | Progress:  29.3% | Remaining:  13.0min
[2026-05-11 09:39:14] [ 163/552] Code: 7800 UPDATED | Progress:  29.5% | Remaining:  13.0min
[2026-05-11 09:39:16] [ 164/552] Code: 7804 UPDATED | Progress:  29.7% | Remaining:  12.9min
[2026-05-11 09:39:18] [ 165/552] Code: 7805 UPDATED | Progress:  29.9% | Remaining:  12.9min
[2026-05-11 09:39:20] [ 166/552] Code: 7807 UPDATED | Progress:  30.1% | Remaining:  12.9min
[2026-05-11 09:39:22] [ 167/552] Code: 7808 UPDATED | Progress:  30.3% | Remaining:  12.8min
[2026-05-11 09:39:24] [ 168/552] Code: 7809 UPDATED | Progress:  30.4% | Remaining:  12.8min
[2026-05-11 09:39:26] [ 169/552] Code: 7810 UPDATED | Progress:  30.6% | Remaining:  12.8min
[2026-05-11 09:39:28] [ 170/552] Code: 7811 UPDATED | Progress:  30.8% | Remaining:  12.7min
[2026-05-11 09:39:30] [ 171/552] Code: 7812 UPDATED | Progress:  31.0% | Remaining:  12.7min
[2026-05-11 09:39:32] [ 172/552] Code: 7813 UPDATED | Progress:  31.2% | Remaining:  12.7min
[2026-05-11 09:39:34] [ 173/552] Code: 7814 UPDATED | Progress:  31.3% | Remaining:  12.6min
[2026-05-11 09:39:36] [ 174/552] Code: 7815 UPDATED | Progress:  31.5% | Remaining:  12.6min
[2026-05-11 09:39:38] [ 175/552] Code: 7819 UPDATED | Progress:  31.7% | Remaining:  12.6min
[2026-05-11 09:39:40] [ 176/552] Code: 7822 UPDATED | Progress:  31.9% | Remaining:  12.5min
[2026-05-11 09:39:42] [ 177/552] Code: 7823 UPDATED | Progress:  32.1% | Remaining:  12.5min
[2026-05-11 09:39:44] [ 178/552] Code: 7827 UPDATED | Progress:  32.2% | Remaining:  12.5min
[2026-05-11 09:39:46] [ 179/552] Code: 7831 UPDATED | Progress:  32.4% | Remaining:  12.4min
[2026-05-11 09:39:48] [ 180/552] Code: 7833 UPDATED | Progress:  32.6% | Remaining:  12.4min
[2026-05-11 09:39:48]   [SAVED] 180/552 records saved to file
[2026-05-11 09:39:50] [ 181/552] Code: 7836 UPDATED | Progress:  32.8% | Remaining:  12.4min
[2026-05-11 09:39:52] [ 182/552] Code: 7837 UPDATED | Progress:  33.0% | Remaining:  12.3min
[2026-05-11 09:39:54] [ 183/552] Code: 7841 UPDATED | Progress:  33.2% | Remaining:  12.3min
[2026-05-11 09:39:56] [ 184/552] Code: 7847 UPDATED | Progress:  33.3% | Remaining:  12.3min
[2026-05-11 09:39:58] [ 185/552] Code: 7849 UPDATED | Progress:  33.5% | Remaining:  12.2min
[2026-05-11 09:40:00] [ 186/552] Code: 7850 UPDATED | Progress:  33.7% | Remaining:  12.2min
[2026-05-11 09:40:02] [ 187/552] Code: 7851 UPDATED | Progress:  33.9% | Remaining:  12.2min
[2026-05-11 09:40:04] [ 188/552] Code: 7857 UPDATED | Progress:  34.1% | Remaining:  12.1min
[2026-05-11 09:40:06] [ 189/552] Code: 7859 UPDATED | Progress:  34.2% | Remaining:  12.1min
[2026-05-11 09:40:08] [ 190/552] Code: 7863 UPDATED | Progress:  34.4% | Remaining:  12.1min
[2026-05-11 09:40:10] [ 191/552] Code: 7865 UPDATED | Progress:  34.6% | Remaining:  12.0min
[2026-05-11 09:40:12] [ 192/552] Code: 7871 UPDATED | Progress:  34.8% | Remaining:  12.0min
[2026-05-11 09:40:14] [ 193/552] Code: 7872 UPDATED | Progress:  35.0% | Remaining:  12.0min
[2026-05-11 09:40:16] [ 194/552] Code: 7875 UPDATED | Progress:  35.1% | Remaining:  11.9min
[2026-05-11 09:40:18] [ 195/552] Code: 7877 UPDATED | Progress:  35.3% | Remaining:  11.9min
[2026-05-11 09:40:20] [ 196/552] Code: 7878 UPDATED | Progress:  35.5% | Remaining:  11.9min
[2026-05-11 09:40:22] [ 197/552] Code: 7879 UPDATED | Progress:  35.7% | Remaining:  11.8min
[2026-05-11 09:40:24] [ 198/552] Code: 7883 UPDATED | Progress:  35.9% | Remaining:  11.8min
[2026-05-11 09:40:26] [ 199/552] Code: 7885 UPDATED | Progress:  36.1% | Remaining:  11.8min
[2026-05-11 09:40:28] [ 200/552] Code: 7886 UPDATED | Progress:  36.2% | Remaining:  11.7min
[2026-05-11 09:40:28]   [SAVED] 200/552 records saved to file
[2026-05-11 09:40:30] [ 201/552] Code: 7887 UPDATED | Progress:  36.4% | Remaining:  11.7min
[2026-05-11 09:40:32] [ 202/552] Code: 7896 UPDATED | Progress:  36.6% | Remaining:  11.7min
[2026-05-11 09:40:34] [ 203/552] Code: 7897 UPDATED | Progress:  36.8% | Remaining:  11.6min
[2026-05-11 09:40:36] [ 204/552] Code: 7898 UPDATED | Progress:  37.0% | Remaining:  11.6min
[2026-05-11 09:40:38] [ 205/552] Code: 7901 UPDATED | Progress:  37.1% | Remaining:  11.6min
[2026-05-11 09:40:40] [ 206/552] Code: 7902 UPDATED | Progress:  37.3% | Remaining:  11.5min
[2026-05-11 09:40:42] [ 207/552] Code: 7906 UPDATED | Progress:  37.5% | Remaining:  11.5min
[2026-05-11 09:40:44] [ 208/552] Code: 7908 UPDATED | Progress:  37.7% | Remaining:  11.5min
[2026-05-11 09:40:46] [ 209/552] Code: 7916 UPDATED | Progress:  37.9% | Remaining:  11.4min
[2026-05-11 09:40:48] [ 210/552] Code: 7918 UPDATED | Progress:  38.0% | Remaining:  11.4min
[2026-05-11 09:40:50] [ 211/552] Code: 7919 UPDATED | Progress:  38.2% | Remaining:  11.4min
[2026-05-11 09:40:52] [ 212/552] Code: 7922 UPDATED | Progress:  38.4% | Remaining:  11.3min
[2026-05-11 09:40:54] [ 213/552] Code: 7927 UPDATED | Progress:  38.6% | Remaining:  11.3min
[2026-05-11 09:40:56] [ 214/552] Code: 7928 UPDATED | Progress:  38.8% | Remaining:  11.3min
[2026-05-11 09:40:58] [ 215/552] Code: 7932 UPDATED | Progress:  38.9% | Remaining:  11.2min
[2026-05-11 09:41:00] [ 216/552] Code: 7937 UPDATED | Progress:  39.1% | Remaining:  11.2min
[2026-05-11 09:41:02] [ 217/552] Code: 7938 UPDATED | Progress:  39.3% | Remaining:  11.2min
[2026-05-11 09:41:04] [ 218/552] Code: 7939 UPDATED | Progress:  39.5% | Remaining:  11.1min
[2026-05-11 09:41:06] [ 219/552] Code: 7940 UPDATED | Progress:  39.7% | Remaining:  11.1min
[2026-05-11 09:41:08] [ 220/552] Code: 7946 UPDATED | Progress:  39.9% | Remaining:  11.1min
[2026-05-11 09:41:08]   [SAVED] 220/552 records saved to file
[2026-05-11 09:41:10] [ 221/552] Code: 7953 UPDATED | Progress:  40.0% | Remaining:  11.0min
[2026-05-11 09:41:12] [ 222/552] Code: 7957 UPDATED | Progress:  40.2% | Remaining:  11.0min
[2026-05-11 09:41:14] [ 223/552] Code: 7963 UPDATED | Progress:  40.4% | Remaining:  11.0min
[2026-05-11 09:41:16] [ 224/552] Code: 7971 UPDATED | Progress:  40.6% | Remaining:  10.9min
[2026-05-11 09:41:18] [ 225/552] Code: 7975 UPDATED | Progress:  40.8% | Remaining:  10.9min
[2026-05-11 09:41:20] [ 226/552] Code: 7980 UPDATED | Progress:  40.9% | Remaining:  10.9min
[2026-05-11 09:41:22] [ 227/552] Code: 7983 UPDATED | Progress:  41.1% | Remaining:  10.8min
[2026-05-11 09:41:24] [ 228/552] Code: 7985 UPDATED | Progress:  41.3% | Remaining:  10.8min
[2026-05-11 09:41:26] [ 229/552] Code: 7986 UPDATED | Progress:  41.5% | Remaining:  10.8min
[2026-05-11 09:41:28] [ 230/552] Code: 7987 UPDATED | Progress:  41.7% | Remaining:  10.7min
[2026-05-11 09:41:30] [ 231/552] Code: 7991 UPDATED | Progress:  41.8% | Remaining:  10.7min
[2026-05-11 09:41:32] [ 232/552] Code: 7992 UPDATED | Progress:  42.0% | Remaining:  10.7min
[2026-05-11 09:41:34] [ 233/552] Code: 7997 UPDATED | Progress:  42.2% | Remaining:  10.6min
[2026-05-11 09:41:36] [ 234/552] Code: 7999 UPDATED | Progress:  42.4% | Remaining:  10.6min
[2026-05-11 09:41:38] [ 235/552] Code: 8006 UPDATED | Progress:  42.6% | Remaining:  10.6min
[2026-05-11 09:41:40] [ 236/552] Code: 8013 UPDATED | Progress:  42.8% | Remaining:  10.5min
[2026-05-11 09:41:42] [ 237/552] Code: 8018 UPDATED | Progress:  42.9% | Remaining:  10.5min
[2026-05-11 09:41:44] [ 238/552] Code: 8023 UPDATED | Progress:  43.1% | Remaining:  10.5min
[2026-05-11 09:41:46] [ 239/552] Code: 8025 UPDATED | Progress:  43.3% | Remaining:  10.4min
[2026-05-11 09:41:48] [ 240/552] Code: 8029 UPDATED | Progress:  43.5% | Remaining:  10.4min
[2026-05-11 09:41:48]   [SAVED] 240/552 records saved to file
[2026-05-11 09:41:50] [ 241/552] Code: 8030 UPDATED | Progress:  43.7% | Remaining:  10.4min
[2026-05-11 09:41:52] [ 242/552] Code: 8039 UPDATED | Progress:  43.8% | Remaining:  10.3min
[2026-05-11 09:41:54] [ 243/552] Code: 8040 UPDATED | Progress:  44.0% | Remaining:  10.3min
[2026-05-11 09:41:56] [ 244/552] Code: 8041 UPDATED | Progress:  44.2% | Remaining:  10.3min
[2026-05-11 09:41:58] [ 245/552] Code: 8045 UPDATED | Progress:  44.4% | Remaining:  10.2min
[2026-05-11 09:42:00] [ 246/552] Code: 8046 UPDATED | Progress:  44.6% | Remaining:  10.2min
[2026-05-11 09:42:02] [ 247/552] Code: 8066 UPDATED | Progress:  44.7% | Remaining:  10.2min
[2026-05-11 09:42:04] [ 248/552] Code: 8076 UPDATED | Progress:  44.9% | Remaining:  10.1min
[2026-05-11 09:42:06] [ 249/552] Code: 8077 UPDATED | Progress:  45.1% | Remaining:  10.1min
[2026-05-11 09:42:08] [ 250/552] Code: 8085 UPDATED | Progress:  45.3% | Remaining:  10.1min
[2026-05-11 09:42:10] [ 251/552] Code: 8089 UPDATED | Progress:  45.5% | Remaining:  10.0min
[2026-05-11 09:42:12] [ 252/552] Code: 8104 UPDATED | Progress:  45.7% | Remaining:  10.0min
[2026-05-11 09:42:14] [ 253/552] Code: 8105 UPDATED | Progress:  45.8% | Remaining:  10.0min
[2026-05-11 09:42:16] [ 254/552] Code: 8107 UPDATED | Progress:  46.0% | Remaining:   9.9min
[2026-05-11 09:42:18] [ 255/552] Code: 8115 UPDATED | Progress:  46.2% | Remaining:   9.9min
[2026-05-11 09:42:20] [ 256/552] Code: 8117 UPDATED | Progress:  46.4% | Remaining:   9.9min
[2026-05-11 09:42:22] [ 257/552] Code: 8118 UPDATED | Progress:  46.6% | Remaining:   9.8min
[2026-05-11 09:42:24] [ 258/552] Code: 8119 UPDATED | Progress:  46.7% | Remaining:   9.8min
[2026-05-11 09:42:26] [ 259/552] Code: 8123 UPDATED | Progress:  46.9% | Remaining:   9.8min
[2026-05-11 09:42:28] [ 260/552] Code: 8127 UPDATED | Progress:  47.1% | Remaining:   9.7min
[2026-05-11 09:42:28]   [SAVED] 260/552 records saved to file
[2026-05-11 09:42:30] [ 261/552] Code: 8131 UPDATED | Progress:  47.3% | Remaining:   9.7min
[2026-05-11 09:42:32] [ 262/552] Code: 8135 UPDATED | Progress:  47.5% | Remaining:   9.7min
[2026-05-11 09:42:34] [ 263/552] Code: 8138 UPDATED | Progress:  47.6% | Remaining:   9.6min
[2026-05-11 09:42:36] [ 264/552] Code: 8139 UPDATED | Progress:  47.8% | Remaining:   9.6min
[2026-05-11 09:42:38] [ 265/552] Code: 8143 UPDATED | Progress:  48.0% | Remaining:   9.6min
[2026-05-11 09:42:40] [ 266/552] Code: 8144 UPDATED | Progress:  48.2% | Remaining:   9.5min
[2026-05-11 09:42:42] [ 267/552] Code: 8147 UPDATED | Progress:  48.4% | Remaining:   9.5min
[2026-05-11 09:42:44] [ 268/552] Code: 8152 UPDATED | Progress:  48.6% | Remaining:   9.5min
[2026-05-11 09:42:46] [ 269/552] Code: 8165 UPDATED | Progress:  48.7% | Remaining:   9.4min
[2026-05-11 09:42:48] [ 270/552] Code: 8166 UPDATED | Progress:  48.9% | Remaining:   9.4min
[2026-05-11 09:42:50] [ 271/552] Code: 8181 UPDATED | Progress:  49.1% | Remaining:   9.4min
[2026-05-11 09:42:52] [ 272/552] Code: 8198 UPDATED | Progress:  49.3% | Remaining:   9.3min
[2026-05-11 09:42:54] [ 273/552] Code: 8202 UPDATED | Progress:  49.5% | Remaining:   9.3min
[2026-05-11 09:42:56] [ 274/552] Code: 8207 UPDATED | Progress:  49.6% | Remaining:   9.3min
[2026-05-11 09:42:58] [ 275/552] Code: 8225 UPDATED | Progress:  49.8% | Remaining:   9.2min
[2026-05-11 09:43:00] [ 276/552] Code: 8226 UPDATED | Progress:  50.0% | Remaining:   9.2min
[2026-05-11 09:43:02] [ 277/552] Code: 8230 UPDATED | Progress:  50.2% | Remaining:   9.2min
[2026-05-11 09:43:04] [ 278/552] Code: 8244 UPDATED | Progress:  50.4% | Remaining:   9.1min
[2026-05-11 09:43:06] [ 279/552] Code: 8247 UPDATED | Progress:  50.5% | Remaining:   9.1min
[2026-05-11 09:43:08] [ 280/552] Code: 8254 UPDATED | Progress:  50.7% | Remaining:   9.1min
[2026-05-11 09:43:08]   [SAVED] 280/552 records saved to file
[2026-05-11 09:43:10] [ 281/552] Code: 8260 UPDATED | Progress:  50.9% | Remaining:   9.0min
[2026-05-11 09:43:12] [ 282/552] Code: 8275 UPDATED | Progress:  51.1% | Remaining:   9.0min
[2026-05-11 09:43:14] [ 283/552] Code: 8285 UPDATED | Progress:  51.3% | Remaining:   9.0min
[2026-05-11 09:43:16] [ 284/552] Code: 8289 UPDATED | Progress:  51.4% | Remaining:   8.9min
[2026-05-11 09:43:18] [ 285/552] Code: 8291 UPDATED | Progress:  51.6% | Remaining:   8.9min
[2026-05-11 09:43:20] [ 286/552] Code: 8349 UPDATED | Progress:  51.8% | Remaining:   8.9min
[2026-05-11 09:43:22] [ 287/552] Code: 8365 UPDATED | Progress:  52.0% | Remaining:   8.8min
[2026-05-11 09:43:24] [ 288/552] Code: 8383 UPDATED | Progress:  52.2% | Remaining:   8.8min
[2026-05-11 09:43:26] [ 289/552] Code: 8416 UPDATED | Progress:  52.4% | Remaining:   8.8min
[2026-05-11 09:43:28] [ 290/552] Code: 8508 UPDATED | Progress:  52.5% | Remaining:   8.7min
[2026-05-11 09:43:30] [ 291/552] Code: 8518 UPDATED | Progress:  52.7% | Remaining:   8.7min
[2026-05-11 09:43:32] [ 292/552] Code: 8537 UPDATED | Progress:  52.9% | Remaining:   8.7min
[2026-05-11 09:43:34] [ 293/552] Code: 8542 UPDATED | Progress:  53.1% | Remaining:   8.6min
[2026-05-11 09:43:36] [ 294/552] Code: 8562 UPDATED | Progress:  53.3% | Remaining:   8.6min
[2026-05-11 09:43:38] [ 295/552] Code: 8563 UPDATED | Progress:  53.4% | Remaining:   8.6min
[2026-05-11 09:43:40] [ 296/552] Code: 8572 UPDATED | Progress:  53.6% | Remaining:   8.5min
[2026-05-11 09:43:42] [ 297/552] Code: 8596 UPDATED | Progress:  53.8% | Remaining:   8.5min
[2026-05-11 09:43:44] [ 298/552] Code: 8617 UPDATED | Progress:  54.0% | Remaining:   8.5min
[2026-05-11 09:43:46] [ 299/552] Code: 8699 UPDATED | Progress:  54.2% | Remaining:   8.4min
[2026-05-11 09:43:48] [ 300/552] Code: 8700 UPDATED | Progress:  54.3% | Remaining:   8.4min
[2026-05-11 09:43:48]   [SAVED] 300/552 records saved to file
[2026-05-11 09:43:50] [ 301/552] Code: 8704 UPDATED | Progress:  54.5% | Remaining:   8.4min
[2026-05-11 09:43:52] [ 302/552] Code: 8705 UPDATED | Progress:  54.7% | Remaining:   8.3min
[2026-05-11 09:43:54] [ 303/552] Code: 8737 UPDATED | Progress:  54.9% | Remaining:   8.3min
[2026-05-11 09:43:56] [ 304/552] Code: 8742 UPDATED | Progress:  55.1% | Remaining:   8.3min
[2026-05-11 09:43:58] [ 305/552] Code: 8746 UPDATED | Progress:  55.3% | Remaining:   8.2min
[2026-05-11 09:44:00] [ 306/552] Code: 8747 UPDATED | Progress:  55.4% | Remaining:   8.2min
[2026-05-11 09:44:02] [ 307/552] Code: 8769 UPDATED | Progress:  55.6% | Remaining:   8.2min
[2026-05-11 09:44:04] [ 308/552] Code: 8772 UPDATED | Progress:  55.8% | Remaining:   8.1min
[2026-05-11 09:44:06] [ 309/552] Code: 8783 UPDATED | Progress:  56.0% | Remaining:   8.1min
[2026-05-11 09:44:08] [ 310/552] Code: 8789 UPDATED | Progress:  56.2% | Remaining:   8.1min
[2026-05-11 09:44:10] [ 311/552] Code: 8835 UPDATED | Progress:  56.3% | Remaining:   8.0min
[2026-05-11 09:44:12] [ 312/552] Code: 8836 UPDATED | Progress:  56.5% | Remaining:   8.0min
[2026-05-11 09:44:14] [ 313/552] Code: 8841 UPDATED | Progress:  56.7% | Remaining:   8.0min
[2026-05-11 09:44:16] [ 314/552] Code: 8844 UPDATED | Progress:  56.9% | Remaining:   7.9min
[2026-05-11 09:44:18] [ 315/552] Code: 8864 UPDATED | Progress:  57.1% | Remaining:   7.9min
[2026-05-11 09:44:20] [ 316/552] Code: 8869 UPDATED | Progress:  57.2% | Remaining:   7.9min
[2026-05-11 09:44:22] [ 317/552] Code: 8871 UPDATED | Progress:  57.4% | Remaining:   7.8min
[2026-05-11 09:44:24] [ 318/552] Code: 8887 UPDATED | Progress:  57.6% | Remaining:   7.8min
[2026-05-11 09:44:26] [ 319/552] Code: 8891 UPDATED | Progress:  57.8% | Remaining:   7.8min
[2026-05-11 09:44:28] [ 320/552] Code: 8894 UPDATED | Progress:  58.0% | Remaining:   7.7min
[2026-05-11 09:44:28]   [SAVED] 320/552 records saved to file
[2026-05-11 09:44:30] [ 321/552] Code: 8898 UPDATED | Progress:  58.2% | Remaining:   7.7min
[2026-05-11 09:44:32] [ 322/552] Code: 8904 UPDATED | Progress:  58.3% | Remaining:   7.7min
[2026-05-11 09:44:34] [ 323/552] Code: 8908 UPDATED | Progress:  58.5% | Remaining:   7.6min
[2026-05-11 09:44:36] [ 324/552] Code: 8912 UPDATED | Progress:  58.7% | Remaining:   7.6min
[2026-05-11 09:44:38] [ 325/552] Code: 8914 UPDATED | Progress:  58.9% | Remaining:   7.6min
[2026-05-11 09:44:40] [ 326/552] Code: 8917 UPDATED | Progress:  59.1% | Remaining:   7.5min
[2026-05-11 09:44:42] [ 327/552] Code: 8918 UPDATED | Progress:  59.2% | Remaining:   7.5min
[2026-05-11 09:44:44] [ 328/552] Code: 8920 UPDATED | Progress:  59.4% | Remaining:   7.5min
[2026-05-11 09:44:46] [ 329/552] Code: 8927 UPDATED | Progress:  59.6% | Remaining:   7.4min
[2026-05-11 09:44:48] [ 330/552] Code: 8928 UPDATED | Progress:  59.8% | Remaining:   7.4min
[2026-05-11 09:44:50] [ 331/552] Code: 8929 UPDATED | Progress:  60.0% | Remaining:   7.4min
[2026-05-11 09:44:52] [ 332/552] Code: 8931 UPDATED | Progress:  60.1% | Remaining:   7.3min
[2026-05-11 09:44:54] [ 333/552] Code: 8944 UPDATED | Progress:  60.3% | Remaining:   7.3min
[2026-05-11 09:44:56] [ 334/552] Code: 8945 UPDATED | Progress:  60.5% | Remaining:   7.3min
[2026-05-11 09:44:58] [ 335/552] Code: 8946 UPDATED | Progress:  60.7% | Remaining:   7.2min
[2026-05-11 09:45:00] [ 336/552] Code: 8995 UPDATED | Progress:  60.9% | Remaining:   7.2min
[2026-05-11 09:45:02] [ 337/552] Code: 8996 UPDATED | Progress:  61.1% | Remaining:   7.2min
[2026-05-11 09:45:04] [ 338/552] Code: 9012 UPDATED | Progress:  61.2% | Remaining:   7.1min
[2026-05-11 09:45:06] [ 339/552] Code: 9017 UPDATED | Progress:  61.4% | Remaining:   7.1min
[2026-05-11 09:45:08] [ 340/552] Code: 9028 UPDATED | Progress:  61.6% | Remaining:   7.1min
[2026-05-11 09:45:08]   [SAVED] 340/552 records saved to file
[2026-05-11 09:45:10] [ 341/552] Code: 9029 UPDATED | Progress:  61.8% | Remaining:   7.0min
[2026-05-11 09:45:12] [ 342/552] Code: 9033 UPDATED | Progress:  62.0% | Remaining:   7.0min
[2026-05-11 09:45:14] [ 343/552] Code: 9034 UPDATED | Progress:  62.1% | Remaining:   7.0min
[2026-05-11 09:45:16] [ 344/552] Code: 9036 UPDATED | Progress:  62.3% | Remaining:   6.9min
[2026-05-11 09:45:18] [ 345/552] Code: 9049 UPDATED | Progress:  62.5% | Remaining:   6.9min
[2026-05-11 09:45:20] [ 346/552] Code: 9051 UPDATED | Progress:  62.7% | Remaining:   6.9min
[2026-05-11 09:45:22] [ 347/552] Code: 9057 UPDATED | Progress:  62.9% | Remaining:   6.8min
[2026-05-11 09:45:24] [ 348/552] Code: 9059 UPDATED | Progress:  63.0% | Remaining:   6.8min
[2026-05-11 09:45:26] [ 349/552] Code: 9060 UPDATED | Progress:  63.2% | Remaining:   6.8min
[2026-05-11 09:45:28] [ 350/552] Code: 9063 UPDATED | Progress:  63.4% | Remaining:   6.7min
[2026-05-11 09:45:30] [ 351/552] Code: 9067 UPDATED | Progress:  63.6% | Remaining:   6.7min
[2026-05-11 09:45:32] [ 352/552] Code: 9073 UPDATED | Progress:  63.8% | Remaining:   6.7min
[2026-05-11 09:45:34] [ 353/552] Code: 9074 UPDATED | Progress:  63.9% | Remaining:   6.6min
[2026-05-11 09:45:36] [ 354/552] Code: 9082 UPDATED | Progress:  64.1% | Remaining:   6.6min
[2026-05-11 09:45:38] [ 355/552] Code: 9083 UPDATED | Progress:  64.3% | Remaining:   6.6min
[2026-05-11 09:45:40] [ 356/552] Code: 9087 UPDATED | Progress:  64.5% | Remaining:   6.5min
[2026-05-11 09:45:42] [ 357/552] Code: 9115 UPDATED | Progress:  64.7% | Remaining:   6.5min
[2026-05-11 09:45:44] [ 358/552] Code: 9127 UPDATED | Progress:  64.9% | Remaining:   6.5min
[2026-05-11 09:45:46] [ 359/552] Code: 9130 UPDATED | Progress:  65.0% | Remaining:   6.4min
[2026-05-11 09:45:48] [ 360/552] Code: 9145 UPDATED | Progress:  65.2% | Remaining:   6.4min
[2026-05-11 09:45:48]   [SAVED] 360/552 records saved to file
[2026-05-11 09:45:50] [ 361/552] Code: 9160 UPDATED | Progress:  65.4% | Remaining:   6.4min
[2026-05-11 09:45:52] [ 362/552] Code: 9171 UPDATED | Progress:  65.6% | Remaining:   6.3min
[2026-05-11 09:45:54] [ 363/552] Code: 9173 UPDATED | Progress:  65.8% | Remaining:   6.3min
[2026-05-11 09:45:56] [ 364/552] Code: 9193 UPDATED | Progress:  65.9% | Remaining:   6.3min
[2026-05-11 09:45:58] [ 365/552] Code: 9206 UPDATED | Progress:  66.1% | Remaining:   6.2min
[2026-05-11 09:46:00] [ 366/552] Code: 9213 UPDATED | Progress:  66.3% | Remaining:   6.2min
[2026-05-11 09:46:02] [ 367/552] Code: 9220 UPDATED | Progress:  66.5% | Remaining:   6.2min
[2026-05-11 09:46:04] [ 368/552] Code: 9221 UPDATED | Progress:  66.7% | Remaining:   6.1min
[2026-05-11 09:46:06] [ 369/552] Code: 9233 UPDATED | Progress:  66.8% | Remaining:   6.1min
[2026-05-11 09:46:08] [ 370/552] Code: 9248 UPDATED | Progress:  67.0% | Remaining:   6.1min
[2026-05-11 09:46:10] [ 371/552] Code: 9249 UPDATED | Progress:  67.2% | Remaining:   6.0min
[2026-05-11 09:46:12] [ 372/552] Code: 9262 UPDATED | Progress:  67.4% | Remaining:   6.0min
[2026-05-11 09:46:14] [ 373/552] Code: 9264 UPDATED | Progress:  67.6% | Remaining:   6.0min
[2026-05-11 09:46:16] [ 374/552] Code: 9265 UPDATED | Progress:  67.8% | Remaining:   5.9min
[2026-05-11 09:46:18] [ 375/552] Code: 9268 UPDATED | Progress:  67.9% | Remaining:   5.9min
[2026-05-11 09:46:20] [ 376/552] Code: 9306 UPDATED | Progress:  68.1% | Remaining:   5.9min
[2026-05-11 09:46:22] [ 377/552] Code: 9307 UPDATED | Progress:  68.3% | Remaining:   5.8min
[2026-05-11 09:46:24] [ 378/552] Code: 9308 UPDATED | Progress:  68.5% | Remaining:   5.8min
[2026-05-11 09:46:26] [ 379/552] Code: 9311 UPDATED | Progress:  68.7% | Remaining:   5.8min
[2026-05-11 09:46:28] [ 380/552] Code: 9312 UPDATED | Progress:  68.8% | Remaining:   5.7min
[2026-05-11 09:46:28]   [SAVED] 380/552 records saved to file
[2026-05-11 09:46:30] [ 381/552] Code: 9313 UPDATED | Progress:  69.0% | Remaining:   5.7min
[2026-05-11 09:46:32] [ 382/552] Code: 9322 UPDATED | Progress:  69.2% | Remaining:   5.7min
[2026-05-11 09:46:34] [ 383/552] Code: 9325 UPDATED | Progress:  69.4% | Remaining:   5.6min
[2026-05-11 09:46:36] [ 384/552] Code: 9327 UPDATED | Progress:  69.6% | Remaining:   5.6min
[2026-05-11 09:46:38] [ 385/552] Code: 9339 UPDATED | Progress:  69.7% | Remaining:   5.6min
[2026-05-11 09:46:40] [ 386/552] Code: 9340 UPDATED | Progress:  69.9% | Remaining:   5.5min
[2026-05-11 09:46:42] [ 387/552] Code: 9351 UPDATED | Progress:  70.1% | Remaining:   5.5min
[2026-05-11 09:46:44] [ 388/552] Code: 9353 UPDATED | Progress:  70.3% | Remaining:   5.5min
[2026-05-11 09:46:46] [ 389/552] Code: 9355 UPDATED | Progress:  70.5% | Remaining:   5.4min
[2026-05-11 09:46:48] [ 390/552] Code: 9360 UPDATED | Progress:  70.7% | Remaining:   5.4min
[2026-05-11 09:46:50] [ 391/552] Code: 9361 UPDATED | Progress:  70.8% | Remaining:   5.4min
[2026-05-11 09:46:52] [ 392/552] Code: 9362 UPDATED | Progress:  71.0% | Remaining:   5.3min
[2026-05-11 09:46:54] [ 393/552] Code: 9363 UPDATED | Progress:  71.2% | Remaining:   5.3min
[2026-05-11 09:46:56] [ 394/552] Code: 9365 UPDATED | Progress:  71.4% | Remaining:   5.3min
[2026-05-11 09:46:58] [ 395/552] Code: 9366 UPDATED | Progress:  71.6% | Remaining:   5.2min
[2026-05-11 09:47:00] [ 396/552] Code: 9367 UPDATED | Progress:  71.7% | Remaining:   5.2min
[2026-05-11 09:47:02] [ 397/552] Code: 9368 UPDATED | Progress:  71.9% | Remaining:   5.2min
[2026-05-11 09:47:04] [ 398/552] Code: 9369 UPDATED | Progress:  72.1% | Remaining:   5.1min
[2026-05-11 09:47:06] [ 399/552] Code: 9376 UPDATED | Progress:  72.3% | Remaining:   5.1min
[2026-05-11 09:47:08] [ 400/552] Code: 9380 UPDATED | Progress:  72.5% | Remaining:   5.1min
[2026-05-11 09:47:08]   [SAVED] 400/552 records saved to file
[2026-05-11 09:47:10] [ 401/552] Code: 9385 UPDATED | Progress:  72.6% | Remaining:   5.0min
[2026-05-11 09:47:12] [ 402/552] Code: 9408 UPDATED | Progress:  72.8% | Remaining:   5.0min
[2026-05-11 09:47:14] [ 403/552] Code: 9414 UPDATED | Progress:  73.0% | Remaining:   5.0min
[2026-05-11 09:47:16] [ 404/552] Code: 9417 UPDATED | Progress:  73.2% | Remaining:   4.9min
[2026-05-11 09:47:18] [ 405/552] Code: 9419 UPDATED | Progress:  73.4% | Remaining:   4.9min
[2026-05-11 09:47:20] [ 406/552] Code: 9421 UPDATED | Progress:  73.6% | Remaining:   4.9min
[2026-05-11 09:47:22] [ 407/552] Code: 9423 UPDATED | Progress:  73.7% | Remaining:   4.8min
[2026-05-11 09:47:24] [ 408/552] Code: 9425 UPDATED | Progress:  73.9% | Remaining:   4.8min
[2026-05-11 09:47:27] [ 409/552] Code: 9428 UPDATED | Progress:  74.1% | Remaining:   4.8min
[2026-05-11 09:47:28] [ 410/552] Code: 9436 UPDATED | Progress:  74.3% | Remaining:   4.7min
[2026-05-11 09:47:30] [ 411/552] Code: 9441 UPDATED | Progress:  74.5% | Remaining:   4.7min
[2026-05-11 09:47:32] [ 412/552] Code: 9444 UPDATED | Progress:  74.6% | Remaining:   4.7min
[2026-05-11 09:47:34] [ 413/552] Code: 9445 UPDATED | Progress:  74.8% | Remaining:   4.6min
[2026-05-11 09:47:36] [ 414/552] Code: 9446 UPDATED | Progress:  75.0% | Remaining:   4.6min
[2026-05-11 09:47:38] [ 415/552] Code: 9450 UPDATED | Progress:  75.2% | Remaining:   4.6min
[2026-05-11 09:47:40] [ 416/552] Code: 9466 UPDATED | Progress:  75.4% | Remaining:   4.5min
[2026-05-11 09:47:42] [ 417/552] Code: 9475 UPDATED | Progress:  75.5% | Remaining:   4.5min
[2026-05-11 09:47:44] [ 418/552] Code: 9476 UPDATED | Progress:  75.7% | Remaining:   4.5min
[2026-05-11 09:47:46] [ 419/552] Code: 9478 UPDATED | Progress:  75.9% | Remaining:   4.4min
[2026-05-11 09:47:48] [ 420/552] Code: 9514 UPDATED | Progress:  76.1% | Remaining:   4.4min
[2026-05-11 09:47:48]   [SAVED] 420/552 records saved to file
[2026-05-11 09:47:50] [ 421/552] Code: 9537 UPDATED | Progress:  76.3% | Remaining:   4.4min
[2026-05-11 09:47:52] [ 422/552] Code: 9539 UPDATED | Progress:  76.4% | Remaining:   4.3min
[2026-05-11 09:47:54] [ 423/552] Code: 9564 UPDATED | Progress:  76.6% | Remaining:   4.3min
[2026-05-11 09:47:56] [ 424/552] Code: 9610 UPDATED | Progress:  76.8% | Remaining:   4.3min
[2026-05-11 09:47:58] [ 425/552] Code: 9625 UPDATED | Progress:  77.0% | Remaining:   4.2min
[2026-05-11 09:48:00] [ 426/552] Code: 9632 UPDATED | Progress:  77.2% | Remaining:   4.2min
[2026-05-11 09:48:02] [ 427/552] Code: 9633 UPDATED | Progress:  77.4% | Remaining:   4.2min
[2026-05-11 09:48:04] [ 428/552] Code: 9635 UPDATED | Progress:  77.5% | Remaining:   4.1min
[2026-05-11 09:48:06] [ 429/552] Code: 9636 UPDATED | Progress:  77.7% | Remaining:   4.1min
[2026-05-11 09:48:08] [ 430/552] Code: 9639 UPDATED | Progress:  77.9% | Remaining:   4.1min
[2026-05-11 09:48:10] [ 431/552] Code: 9640 UPDATED | Progress:  78.1% | Remaining:   4.0min
[2026-05-11 09:48:12] [ 432/552] Code: 9647 UPDATED | Progress:  78.3% | Remaining:   4.0min
[2026-05-11 09:48:14] [ 433/552] Code: 9651 UPDATED | Progress:  78.4% | Remaining:   4.0min
[2026-05-11 09:48:16] [ 434/552] Code: 9656 UPDATED | Progress:  78.6% | Remaining:   3.9min
[2026-05-11 09:48:18] [ 435/552] Code: 9661 UPDATED | Progress:  78.8% | Remaining:   3.9min
[2026-05-11 09:48:20] [ 436/552] Code: 9679 UPDATED | Progress:  79.0% | Remaining:   3.9min
[2026-05-11 09:48:22] [ 437/552] Code: 9685 UPDATED | Progress:  79.2% | Remaining:   3.8min
[2026-05-11 09:48:24] [ 438/552] Code: 9686 UPDATED | Progress:  79.3% | Remaining:   3.8min
[2026-05-11 09:48:26] [ 439/552] Code: 9687 UPDATED | Progress:  79.5% | Remaining:   3.8min
[2026-05-11 09:48:28] [ 440/552] Code: 9691 UPDATED | Progress:  79.7% | Remaining:   3.7min
[2026-05-11 09:48:28]   [SAVED] 440/552 records saved to file
[2026-05-11 09:48:30] [ 441/552] Code: 9698 UPDATED | Progress:  79.9% | Remaining:   3.7min
[2026-05-11 09:48:32] [ 442/552] Code: 9701 UPDATED | Progress:  80.1% | Remaining:   3.7min
[2026-05-11 09:48:34] [ 443/552] Code: 9704 UPDATED | Progress:  80.3% | Remaining:   3.6min
[2026-05-11 09:48:36] [ 444/552] Code: 9708 UPDATED | Progress:  80.4% | Remaining:   3.6min
[2026-05-11 09:48:38] [ 445/552] Code: 9709 UPDATED | Progress:  80.6% | Remaining:   3.6min
[2026-05-11 09:48:40] [ 446/552] Code: 9713 UPDATED | Progress:  80.8% | Remaining:   3.5min
[2026-05-11 09:48:42] [ 447/552] Code: 9720 UPDATED | Progress:  81.0% | Remaining:   3.5min
[2026-05-11 09:48:44] [ 448/552] Code: 9723 UPDATED | Progress:  81.2% | Remaining:   3.5min
[2026-05-11 09:48:46] [ 449/552] Code: 9726 UPDATED | Progress:  81.3% | Remaining:   3.4min
[2026-05-11 09:48:48] [ 450/552] Code: 9731 UPDATED | Progress:  81.5% | Remaining:   3.4min
[2026-05-11 09:48:50] [ 451/552] Code: 9733 UPDATED | Progress:  81.7% | Remaining:   3.4min
[2026-05-11 09:48:52] [ 452/552] Code: 9753 UPDATED | Progress:  81.9% | Remaining:   3.3min
[2026-05-11 09:48:54] [ 453/552] Code: 9760 UPDATED | Progress:  82.1% | Remaining:   3.3min
[2026-05-11 09:48:56] [ 454/552] Code: 9761 UPDATED | Progress:  82.2% | Remaining:   3.3min
[2026-05-11 09:48:58] [ 455/552] Code: 9763 UPDATED | Progress:  82.4% | Remaining:   3.2min
[2026-05-11 09:49:00] [ 456/552] Code: 9767 UPDATED | Progress:  82.6% | Remaining:   3.2min
[2026-05-11 09:49:02] [ 457/552] Code: 9768 UPDATED | Progress:  82.8% | Remaining:   3.2min
[2026-05-11 09:49:04] [ 458/552] Code: 9778 UPDATED | Progress:  83.0% | Remaining:   3.1min
[2026-05-11 09:49:06] [ 459/552] Code: 9780 UPDATED | Progress:  83.2% | Remaining:   3.1min
[2026-05-11 09:49:08] [ 460/552] Code: 9782 UPDATED | Progress:  83.3% | Remaining:   3.1min
[2026-05-11 09:49:08]   [SAVED] 460/552 records saved to file
[2026-05-11 09:49:10] [ 461/552] Code: 9791 UPDATED | Progress:  83.5% | Remaining:   3.0min
[2026-05-11 09:49:12] [ 462/552] Code: 9799 UPDATED | Progress:  83.7% | Remaining:   3.0min
[2026-05-11 09:49:14] [ 463/552] Code: 9812 UPDATED | Progress:  83.9% | Remaining:   3.0min
[2026-05-11 09:49:16] [ 464/552] Code: 9816 UPDATED | Progress:  84.1% | Remaining:   2.9min
[2026-05-11 09:49:18] [ 465/552] Code: 9818 UPDATED | Progress:  84.2% | Remaining:   2.9min
[2026-05-11 09:49:20] [ 466/552] Code: 9820 UPDATED | Progress:  84.4% | Remaining:   2.9min
[2026-05-11 09:49:22] [ 467/552] Code: 9823 UPDATED | Progress:  84.6% | Remaining:   2.8min
[2026-05-11 09:49:24] [ 468/552] Code: 9827 UPDATED | Progress:  84.8% | Remaining:   2.8min
[2026-05-11 09:49:26] [ 469/552] Code: 9828 UPDATED | Progress:  85.0% | Remaining:   2.8min
[2026-05-11 09:49:28] [ 470/552] Code: 9835 UPDATED | Progress:  85.1% | Remaining:   2.7min
[2026-05-11 09:49:30] [ 471/552] Code: 9845 UPDATED | Progress:  85.3% | Remaining:   2.7min
[2026-05-11 09:49:32] [ 472/552] Code: 9846 UPDATED | Progress:  85.5% | Remaining:   2.7min
[2026-05-11 09:49:34] [ 473/552] Code: 9849 UPDATED | Progress:  85.7% | Remaining:   2.6min
[2026-05-11 09:49:36] [ 474/552] Code: 9853 UPDATED | Progress:  85.9% | Remaining:   2.6min
[2026-05-11 09:49:38] [ 475/552] Code: 9854 UPDATED | Progress:  86.1% | Remaining:   2.6min
[2026-05-11 09:49:40] [ 476/552] Code: 9856 UPDATED | Progress:  86.2% | Remaining:   2.5min
[2026-05-11 09:49:42] [ 477/552] Code: 9857 UPDATED | Progress:  86.4% | Remaining:   2.5min
[2026-05-11 09:49:44] [ 478/552] Code: 9867 UPDATED | Progress:  86.6% | Remaining:   2.5min
[2026-05-11 09:49:46] [ 479/552] Code: 9872 UPDATED | Progress:  86.8% | Remaining:   2.4min
[2026-05-11 09:49:48] [ 480/552] Code: 9876 UPDATED | Progress:  87.0% | Remaining:   2.4min
[2026-05-11 09:49:48]   [SAVED] 480/552 records saved to file
[2026-05-11 09:49:50] [ 481/552] Code: 9878 UPDATED | Progress:  87.1% | Remaining:   2.4min
[2026-05-11 09:49:52] [ 482/552] Code: 9885 UPDATED | Progress:  87.3% | Remaining:   2.3min
[2026-05-11 09:49:54] [ 483/552] Code: 9888 UPDATED | Progress:  87.5% | Remaining:   2.3min
[2026-05-11 09:49:56] [ 484/552] Code: 9890 UPDATED | Progress:  87.7% | Remaining:   2.3min
[2026-05-11 09:49:58] [ 485/552] Code: 9895 UPDATED | Progress:  87.9% | Remaining:   2.2min
[2026-05-11 09:50:00] [ 486/552] Code: 9896 UPDATED | Progress:  88.0% | Remaining:   2.2min
[2026-05-11 09:50:02] [ 487/552] Code: 9903 UPDATED | Progress:  88.2% | Remaining:   2.2min
[2026-05-11 09:50:04] [ 488/552] Code: 9904 UPDATED | Progress:  88.4% | Remaining:   2.1min
[2026-05-11 09:50:06] [ 489/552] Code: 9906 UPDATED | Progress:  88.6% | Remaining:   2.1min
[2026-05-11 09:50:08] [ 490/552] Code: 9908 UPDATED | Progress:  88.8% | Remaining:   2.1min
[2026-05-11 09:50:10] [ 491/552] Code: 9913 UPDATED | Progress:  88.9% | Remaining:   2.0min
[2026-05-11 09:50:12] [ 492/552] Code: 9914 UPDATED | Progress:  89.1% | Remaining:   2.0min
[2026-05-11 09:50:14] [ 493/552] Code: 9927 UPDATED | Progress:  89.3% | Remaining:   2.0min
[2026-05-11 09:50:16] [ 494/552] Code: 9929 UPDATED | Progress:  89.5% | Remaining:   1.9min
[2026-05-11 09:50:18] [ 495/552] Code: 9930 UPDATED | Progress:  89.7% | Remaining:   1.9min
[2026-05-11 09:50:20] [ 496/552] Code: 9941 UPDATED | Progress:  89.9% | Remaining:   1.9min
[2026-05-11 09:50:22] [ 497/552] Code: 9950 UPDATED | Progress:  90.0% | Remaining:   1.8min
[2026-05-11 09:50:24] [ 498/552] Code: 9955 UPDATED | Progress:  90.2% | Remaining:   1.8min
[2026-05-11 09:50:26] [ 499/552] Code: 9959 UPDATED | Progress:  90.4% | Remaining:   1.8min
[2026-05-11 09:50:28] [ 500/552] Code: 9969 UPDATED | Progress:  90.6% | Remaining:   1.7min
[2026-05-11 09:50:28]   [SAVED] 500/552 records saved to file
[2026-05-11 09:50:30] [ 501/552] Code: 9972 UPDATED | Progress:  90.8% | Remaining:   1.7min
[2026-05-11 09:50:32] [ 502/552] Code: 9973 UPDATED | Progress:  90.9% | Remaining:   1.7min
[2026-05-11 09:50:34] [ 503/552] Code: 9976 UPDATED | Progress:  91.1% | Remaining:   1.6min
[2026-05-11 09:50:36] [ 504/552] Code: 9978 UPDATED | Progress:  91.3% | Remaining:   1.6min
[2026-05-11 09:50:38] [ 505/552] Code: 9979 UPDATED | Progress:  91.5% | Remaining:   1.6min
[2026-05-11 09:50:40] [ 506/552] Code: 9980 UPDATED | Progress:  91.7% | Remaining:   1.5min
[2026-05-11 09:50:42] [ 507/552] Code: 9982 UPDATED | Progress:  91.8% | Remaining:   1.5min
[2026-05-11 09:50:44] [ 508/552] Code: 9986 UPDATED | Progress:  92.0% | Remaining:   1.5min
[2026-05-11 09:50:46] [ 509/552] Code: 9993 UPDATED | Progress:  92.2% | Remaining:   1.4min
[2026-05-11 09:50:48] [ 510/552] Code: 9994 UPDATED | Progress:  92.4% | Remaining:   1.4min
[2026-05-11 09:50:50] [ 511/552] Code: 9996 UPDATED | Progress:  92.6% | Remaining:   1.4min
[2026-05-11 09:50:52] [ 512/552] Code: 146A UPDATED | Progress:  92.8% | Remaining:   1.3min
[2026-05-11 09:50:54] [ 513/552] Code: 160A UPDATED | Progress:  92.9% | Remaining:   1.3min
[2026-05-11 09:50:56] [ 514/552] Code: 197A UPDATED | Progress:  93.1% | Remaining:   1.3min
[2026-05-11 09:50:58] [ 515/552] Code: 208A UPDATED | Progress:  93.3% | Remaining:   1.2min
[2026-05-11 09:51:00] [ 516/552] Code: 211A UPDATED | Progress:  93.5% | Remaining:   1.2min
[2026-05-11 09:51:02] [ 517/552] Code: 220A UPDATED | Progress:  93.7% | Remaining:   1.2min
[2026-05-11 09:51:04] [ 518/552] Code: 250A UPDATED | Progress:  93.8% | Remaining:   1.1min
[2026-05-11 09:51:06] [ 519/552] Code: 253A UPDATED | Progress:  94.0% | Remaining:   1.1min
[2026-05-11 09:51:08] [ 520/552] Code: 254A UPDATED | Progress:  94.2% | Remaining:   1.1min
[2026-05-11 09:51:08]   [SAVED] 520/552 records saved to file
[2026-05-11 09:51:10] [ 521/552] Code: 255A UPDATED | Progress:  94.4% | Remaining:   1.0min
[2026-05-11 09:51:12] [ 522/552] Code: 261A UPDATED | Progress:  94.6% | Remaining:   1.0min
[2026-05-11 09:51:14] [ 523/552] Code: 274A UPDATED | Progress:  94.7% | Remaining:   1.0min
[2026-05-11 09:51:16] [ 524/552] Code: 287A UPDATED | Progress:  94.9% | Remaining:   0.9min
[2026-05-11 09:51:18] [ 525/552] Code: 297A UPDATED | Progress:  95.1% | Remaining:   0.9min
[2026-05-11 09:51:20] [ 526/552] Code: 300A UPDATED | Progress:  95.3% | Remaining:   0.9min
[2026-05-11 09:51:22] [ 527/552] Code: 331A UPDATED | Progress:  95.5% | Remaining:   0.8min
[2026-05-11 09:51:24] [ 528/552] Code: 343A UPDATED | Progress:  95.7% | Remaining:   0.8min
[2026-05-11 09:51:26] [ 529/552] Code: 365A UPDATED | Progress:  95.8% | Remaining:   0.8min
[2026-05-11 09:51:28] [ 530/552] Code: 367A UPDATED | Progress:  96.0% | Remaining:   0.7min
[2026-05-11 09:51:30] [ 531/552] Code: 372A UPDATED | Progress:  96.2% | Remaining:   0.7min
[2026-05-11 09:51:32] [ 532/552] Code: 386A UPDATED | Progress:  96.4% | Remaining:   0.7min
[2026-05-11 09:51:34] [ 533/552] Code: 407A UPDATED | Progress:  96.6% | Remaining:   0.6min
[2026-05-11 09:51:36] [ 534/552] Code: 416A UPDATED | Progress:  96.7% | Remaining:   0.6min
[2026-05-11 09:51:38] [ 535/552] Code: 423A UPDATED | Progress:  96.9% | Remaining:   0.6min
[2026-05-11 09:51:40] [ 536/552] Code: 428A UPDATED | Progress:  97.1% | Remaining:   0.5min
[2026-05-11 09:51:42] [ 537/552] Code: 463A UPDATED | Progress:  97.3% | Remaining:   0.5min
[2026-05-11 09:51:44] [ 538/552] Code: 475A UPDATED | Progress:  97.5% | Remaining:   0.5min
[2026-05-11 09:51:46] [ 539/552] Code: 476A UPDATED | Progress:  97.6% | Remaining:   0.4min
[2026-05-11 09:51:48] [ 540/552] Code: 483A UPDATED | Progress:  97.8% | Remaining:   0.4min
[2026-05-11 09:51:48]   [SAVED] 540/552 records saved to file
[2026-05-11 09:51:50] [ 541/552] Code: 500A UPDATED | Progress:  98.0% | Remaining:   0.4min
[2026-05-11 09:51:52] [ 542/552] Code: 505A UPDATED | Progress:  98.2% | Remaining:   0.3min
[2026-05-11 09:51:54] [ 543/552] Code: 548A UPDATED | Progress:  98.4% | Remaining:   0.3min
[2026-05-11 09:51:56] [ 544/552] Code: 549A UPDATED | Progress:  98.6% | Remaining:   0.3min
[2026-05-11 09:51:58] [ 545/552] Code: 550A UPDATED | Progress:  98.7% | Remaining:   0.2min
[2026-05-11 09:52:00] [ 546/552] Code: 559A UPDATED | Progress:  98.9% | Remaining:   0.2min
[2026-05-11 09:52:00] 
======================================================================
[2026-05-11 09:52:00] DONE! Updated: 546 stocks
[2026-05-11 09:52:00] Failed: 6 stocks
[2026-05-11 09:52:00] Total time: 18.4 minutes
[2026-05-11 09:52:00] ======================================================================

[2026-05-11 09:54:47] 
======================================================================
[2026-05-11 09:54:47] Start updating 6 English stocks from Kabutan...
[2026-05-11 09:54:47] Estimated time: ~0 minutes
[2026-05-11 09:54:47] ======================================================================

[2026-05-11 09:54:58] 
======================================================================
[2026-05-11 09:54:58] DONE! Updated: 0 stocks
[2026-05-11 09:54:58] Failed: 6 stocks
[2026-05-11 09:54:58] Total time: 0.2 minutes
[2026-05-11 09:54:58] ======================================================================

